561512449
935854081
935854081
951451649
982646785
995807233
995807233
997756929
997756929
998122497
998200799
998226979
998242211
998242687
998244115
998244115
499122117
499122117
499122117
779878345
717488125
717488125
857866239
928055296
928055296
58003456
58003456
50753024
7250432
7250432
2718912
906304
906304
28322
28322
28322
14161
249571709
748686805
935854966
122100248
652417118
712370194
627070987
541771780
541771780
270885890
270885890
135442945
566843649
782544001
782544001
924097357
978022445
991503717
996559194
186644204
311635393
436626582
175400231
955331293
651191882
325595941
661920147
661920147
830082250
415041125
852443546
852443546
712233063
427619354
427619354
806560936
200533921
200533921
798816745
948387451
948387451
901314572
72001330
327794531
142181743
142181743
380142032
190071016
190071016
118794385
23758877
565967238
565967238
188655746
772265233
772265233
885254793
984120658
984120658
618606335
871698347
934971350
467485675
366432507
366432507
669706784
669706784
585993436
83713348
551443019
509586345
753915349
753915349
876079851
937162102
366706351
366706351
682475352
348717769
178098931
634566398
634566398
317283199
328881888
195273621
30832677
10277559
727444514
281077398
281077398
241437815
39639583
245056180
245056180
414433511
706338932
176584733
176584733
587414543
792829448
594622086
198207362
435901348
435901348
449950421
492097640
492097640
652902689
529878279
965868572
796437097
796437097
897340725
631562383
265778342
777513472
591919275
145783776
348946315
348946315
672076753
1518581
666002429
666002429
726130676
726130676
500909645
500909645
500909645
500909645
944518670
803302682
803302682
401651341
699947847
63125772
212274025
449999031
449999031
449999031
181030423
181030423
589637388
294818694
294818694
294818694
364320733
928742314
642328889
642328889
620558316
620558316
288707171
947975912
389244053
626057437
67686766
355310373
355310373
829580226
990313721
426686061
855354780
855354780
427677390
213838695
298721142
298721142
298721142
298721142
298721142
80590241
929474023
642572792
642572792
321286396
775219278
303346674
33705186
33705186
875570383
875570383
623207652
623207652
388980810
388980810
593143338
398652933
398652933
698448643
424173249
424173249
854726577
139680291
715046286
247318623
247318623
311390744
233543058
77847686
518584098
259292049
674952720
952059834
952059834
476029917
108461343
108461343
108461343
207507318
69169106
69169106
516414453
516414453
197978489
438893439
718568896
605784747
605784747
515963635
504735996
504735996
252367998
126183999
562214176
562214176
210830316
70276772
70276772
564981653
503539472
993877052
757442864
678631468
678631468
339315734
291975555
291975555
291975555
916695972
404103358
425218651
488564530
621263309
621263309
903999092
677999319
225999773
410826261
201295802
100647901
100647901
549446127
227679279
159243341
34217969
34217969
34217969
516231161
934738494
820743616
117249088
14656136
14656136
509198270
501870202
500038185
935968582
935968582
733114322
366557161
919283454
919283454
919283454
728943040
728943040
432809930
68338410
22779470
11389735
11389735
504817044
390117165
390117165
390117165
542148962
846212556
423106278
816451885
604898746
650346863
824295608
824295608
206073902
972276944
129004360
851928387
283976129
641110241
819677297
953602589
953602589
482381515
493541956
560814921
560814921
535533054
754247770
754247770
715779420
715779420
357889710
151906275
971205773
676908471
894032384
746508271
746508271
581584208
290792104
145396052
553645696
517296683
757770518
378885259
34602856
344282403
483822227
187441151
187441151
727976619
863110486
74105344
357449899
677847126
343555147
334291979
666268166
666268166
333423557
332844609
665544481
769513191
935863127
977450611
977450611
329459425
658388057
658388057
775938396
775938396
492041837
298057238
722665105
573636486
946573244
659755001
659755001
139424502
224046840
224046840
14936456
14936456
3734114
501922762
500055705
873697191
873697191
935970772
552784399
913445340
700917536
700917536
613302844
87614692
995113298
46938401
535108741
219050442
553884787
553884787
540585302
845691336
422845668
869112136
551977885
551977885
443338868
443338868
221669434
291146979
291146979
97048993
97048993
772945513
913757288
970081998
485040999
741642676
741642676
185410669
185410669
591827511
591827511
397517966
198758983
198758983
193173467
892166986
892166986
434097425
434097425
572137640
856208782
713174372
356587186
178293593
178293593
793256663
345381409
447875254
223937627
611090990
305545495
977842386
325947462
113319563
467289479
821259395
183191729
726560145
947303564
981264090
981264090
871341276
871341276
608039836
608039836
152009959
287563578
287563578
287563578
143781789
392314356
392314356
392314356
646240060
548161471
386601456
289951092
96650364
511203472
511203472
511203472
127800868
63900434
31950217
515097285
515097285
718486573
718486573
718486573
858365463
858365463
718486573
718486573
515097285
515097285
31950217
63900434
127800868
383402604
511203472
511203472
96650364
96650364
386601456
386601456
548161471
646240060
392314356
392314356
392314356
143781789
287563578
287563578
152009959
456029877
608039836
263301440
871341276
871341276
981264090
947303564
777500934
726560145
638067666
821259395
113319563
113319563
325947462
305545495
305545495
611090990
223937627
447875254
793256663
793256663
178293593
356587186
713174372
143034410
856208782
288066498
434097425
892166986
892166986
405328201
193173467
198758983
397517966
397517966
591827511
591827511
185410669
741642676
741642676
485040999
970081998
913757288
772945513
322347833
97048993
291146979
291146979
291146979
221669434
443338868
108639017
551977885
551977885
422845668
845691336
540585302
540585302
553884787
219050442
219050442
973209625
995113298
87614692
87614692
700917536
700917536
700917536
913445340
552784399
935970772
873697191
500055705
500055705
3734114
3734114
14936456
14936456
224046840
689575175
139424502
659755001
625307595
573636486
573636486
298057238
894171714
283896559
775938396
775938396
658388057
658388057
647991186
977450611
977450611
894275643
665544481
332844609
332844609
666268166
666268166
334291979
334291979
677847126
357449899
74105344
863110486
727976619
187441151
187441151
483822227
344282403
344282403
378885259
757770518
757770518
517296683
553645696
145396052
290792104
581584208
746508271
894032384
676908471
615633184
205983435
357889710
357889710
715779420
715779420
754247770
25281867
560814921
560814921
560814921
493541956
482381515
953602589
819677297
819677297
641110241
283976129
421636292
972276944
206073902
206073902
824295608
650346863
650346863
604898746
423106278
846212556
846212556
390117165
390117165
390117165
390117165
504817044
11389735
22779470
68338410
296133110
728943040
728943040
190340414
919283454
919283454
366557161
733114322
733114322
935968582
935968582
500038185
503702219
14656136
14656136
117249088
117249088
820743616
579737020
516231161
34217969
34217969
34217969
227679279
321766848
549446127
100647901
201295802
201295802
813417865
225999773
903999092
715508570
621263309
488564530
488564530
404103358
916695972
373523936
291975555
291975555
47340179
339315734
678631468
678631468
757442864
512274074
503539472
70276772
70276772
70276772
210830316
562214176
126183999
252367998
252367998
504735996
515963635
572101830
605784747
718568896
438893439
318435964
516414453
516414453
69169106
69169106
207507318
207507318
108461343
108461343
108461343
476029917
952059834
674952720
259292049
518584098
557507941
77847686
311390744
934172232
247318623
247318623
715046286
854726577
567691025
424173249
698448643
398652933
398652933
794081825
388980810
388980810
843490385
623207652
875570383
875570383
875570383
33705186
235936302
775219278
775219278
321286396
642572792
642572792
218130901
298721142
298721142
298721142
298721142
298721142
913361906
213838695
427677390
855354780
426686061
426686061
845441490
523974500
355310373
67686766
626057437
389244053
169487806
288707171
288707171
620558316
642328889
642328889
642328889
928742314
294818694
294818694
294818694
294818694
589637388
181030423
181030423
449999031
449999031
212274025
636822075
699947847
401651341
803302682
803302682
803302682
554635328
500909645
500909645
500909645
726130676
726130676
938116106
666002429
1518581
672076753
348946315
348946315
446135499
591919275
777513472
707240104
265778342
897340725
796437097
796437097
965868572
529878279
591390484
837439304
492097640
492097640
435901348
435901348
760550367
198207362
792829448
587414543
587414543
176584733
529754199
706338932
414433511
245056180
39639583
39639583
281077398
281077398
281077398
10277559
30832677
133608267
328881888
986645664
317283199
634566398
905454841
990764260
348717769
682475352
366706351
366706351
937162102
876079851
753915349
509586345
530514682
83713348
83713348
669706784
669706784
669706784
366432507
101053168
467485675
934971350
871698347
365514323
984120658
899378488
885254793
772265233
414634866
188655746
565967238
23758877
71276631
190071016
190071016
380142032
380142032
142181743
43431045
414656621
901314572
948387451
948387451
798816745
798816745
200533921
405493094
619302771
427619354
712233063
140210483
852443546
560841932
415041125
830082250
661920147
325595941
651191882
651191882
261226351
436626582
436626582
186644204
996559194
993188876
991503717
964541173
924097357
782544001
566843649
135442945
270885890
270885890
541771780
541771780
541771780
712370194
652417118
813754718
935854966
935854966
748686805
14161
28322
28322
28322
906304
906304
2718912
7250432
7250432
7250432
58003456
58003456
870051840
928055296
928055296
857866239
717488125
717488125
499122117
499122117
499122117
499122117
998244115
998244115
998242211
998231263
998200799
998122497
998122497
997756929
996782081
995807233
982646785
982646785
935854081
935854081
561512449
1
