547
981
12
2000
746
488
1897
1001
468
900
341
2000
1700
1669
439
1667
1847
1964
1
2000
1403
361
1870
37
1458
1479
1
2000
1156
365
1374
765
711
761
1
2000
512
1179
389
521
80
606
392
2000
1585
1089
1544
11
432
1674
1
2000
1241
1675
1219
1025
115
269
1
2000
911
1278
1506
1252
1388
1774
1
2000
646
261
1087
1451
1933
893
53
2000
978
296
1806
1818
1346
1273
348
2000
1856
570
966
1330
115
555
1
2000
523
15
547
459
1210
1265
1
2000
778
1394
724
1866
237
1764
514
2000
535
1015
1866
1032
1497
557
639
2000
68
1704
507
1098
1409
1200
318
2000
376
877
938
530
1518
600
1
2000
440
1675
1794
329
1473
1396
1
2000
767
1705
326
1035
1348
1944
13
2000
564
1789
249
1028
1359
942
1
2000
1807
143
21
1899
1593
1838
202
2000
236
1551
1742
125
1836
146
1
2000
429
1133
181
1832
1339
407
1
2000
640
1134
1205
536
900
1395
120
2000
587
894
1191
1890
1100
519
114
2000
1981
1090
1521
971
1819
1571
1
2000
51
241
1309
1291
1733
118
95
2000
306
194
1837
1676
1378
1900
498
2000
1746
258
740
414
1190
121
9
2000
152
798
1737
1743
1957
1941
1
2000
992
1878
244
467
72
1256
343
2000
1872
1203
694
1039
486
1297
453
2000
1102
544
1085
1808
587
1180
134
2000
1688
1522
866
893
756
1372
1
2000
660
570
1838
1997
1281
207
12
2000
1351
267
984
500
597
1633
1
2000
1278
53
1610
482
1062
1077
62
2000
1631
1740
1377
445
1144
111
1
2000
152
1029
1071
661
1190
644
1
2000
49
1400
416
21
917
1683
261
2000
796
150
137
1932
497
399
101
2000
791
1358
309
999
1980
889
1
2000
1394
266
801
1683
1209
1156
587
2000
1994
1687
690
1999
127
1219
1
2000
1789
1673
596
392
723
1885
138
2000
1025
589
346
738
697
1069
406
2000
245
1517
1958
256
1484
1244
1
2000
889
1584
1689
1293
467
815
1
2000
869
1159
768
1196
845
507
1
2000
17
592
780
1436
409
1416
1
2000
1544
928
239
544
57
462
151
2000
736
492
1858
1289
584
367
93
2000
1302
1366
1535
946
1115
1984
1
2000
547
722
934
1322
1000
1619
1
2000
1329
1018
1950
1594
1795
1927
294
2000
94
1865
969
1410
1510
1644
1
2000
1144
425
17
105
1169
402
1
2000
1601
1600
1853
434
1173
256
1
2000
1154
1356
50
984
1633
1980
1
2000
459
1501
1210
1859
1824
457
547
2000
510
1510
608
1816
1392
1922
70
2000
172
1297
1660
1142
789
52
1
2000
727
1450
108
1205
270
823
231
2000
940
1291
762
838
53
365
57
2000
1529
1394
808
647
898
978
1
2000
1952
935
122
66
582
974
437
2000
1998
362
1605
541
65
1961
1
2000
1557
1212
1426
1662
659
908
1
2000
1070
889
471
791
1082
1127
77
2000
1864
97
1513
308
933
490
1
2000
1208
27
403
427
826
1471
1
2000
531
1241
598
308
1134
1348
1
2000
626
590
1172
1815
1555
423
1
2000
1266
1530
821
135
1511
1027
1
2000
1442
1615
806
865
1969
996
490
2000
1252
779
467
96
297
1720
324
2000
1505
1536
1506
1690
782
1013
140
2000
1968
1662
554
278
369
839
457
2000
508
1177
319
567
1161
1447
1
2000
1980
1305
1284
293
1082
1672
1
2000
1198
1890
1851
1732
637
1445
113
2000
67
1752
871
1766
791
651
1
2000
1040
1715
1837
1319
815
488
1
2000
410
1695
1612
974
1450
1814
302
2000
1966
1775
937
584
263
1501
541
2000
1287
98
1556
1639
829
1010
139
2000
16
1577
1899
552
1380
1793
184
2000
6
661
1066
1781
663
1059
1
2000
1735
1077
158
1358
1729
1579
318
2000
1827
464
1917
1343
758
1169
1
2000
584
331
630
153
763
15
1
2000
1681
1341
1816
118
1475
485
1
2000
81
740
1451
1832
325
430
478
2000
1011
1272
1096
1991
1554
1342
1
2000
1749
1786
522
15
1734
1161
73
2000
1659
674
1918
1351
443
1485
1
2000
1674
1732
1638
597
1785
926
1
2000
1996
1639
1528
1462
900
280
1
2000
1703
1624
1196
1856
800
119
22
2000
1552
59
137
698
364
986
101
2000
354
1369
1325
1956
409
415
35
2000
1759
1141
1401
1237
1302
1012
438
2000
1554
1020
1687
1175
1441
1344
358
2000
987
1423
1302
1572
1976
1299
1
2000
1084
730
1446
1447
369
1530
1
2000
224
1683
1363
622
1409
1241
279
2000
775
788
590
1052
949
1958
1
2000
164
1156
575
485
1094
588
1
2000
339
1506
916
934
1180
1242
1
2000
831
224
446
899
136
1608
577
2000
1684
469
1528
1476
367
612
1
2000
1158
256
1527
731
94
710
1
2000
1758
1599
1828
1779
1811
1834
1
2000
1284
1880
1349
1473
422
739
1
2000
686
1521
582
1453
1366
1955
1
2000
1350
845
623
364
484
1224
1
2000
1394
1655
1382
891
1989
1292
1
2000
1555
11
645
745
1214
220
421
2000
585
1970
924
138
1413
668
376
2000
1024
1055
1865
1891
1165
307
1
2000
1769
1607
675
932
99
1947
1
2000
1110
1607
1680
1248
532
1907
14
2000
1763
519
781
1531
554
963
1
2000
891
1358
380
1057
1337
649
139
2000
1165
1431
1336
652
1864
1497
1
2000
213
1396
1489
1186
9
788
1
2000
1100
1862
85
19
201
939
432
2000
956
539
514
1713
665
1548
1
2000
476
833
514
1264
585
1510
104
2000
1172
651
663
1639
1457
1871
1
2000
1179
410
21
83
854
955
75
2000
1819
1801
1639
1414
1148
33
1
2000
586
455
277
1597
352
651
1
2000
1850
573
920
1852
1707
639
1
2000
643
218
1580
1621
1918
357
495
2000
1503
184
1549
226
1550
1529
1
2000
1520
1730
185
1613
1989
1938
1
2000
1099
1005
1426
718
542
1517
103
2000
1189
876
310
1283
813
190
1
2000
1117
803
1455
755
1480
254
1
2000
1585
1999
1033
843
587
903
1
2000
979
175
559
718
1347
1558
1
2000
1656
1397
1016
1354
917
1163
612
2000
626
1606
171
1265
303
1333
1
2000
1028
997
1052
1501
53
133
337
2000
1034
567
332
183
953
1486
1
2000
1509
109
1320
1976
1675
765
1
2000
774
754
479
1783
1485
221
1
2000
1087
1985
1242
1496
1265
1934
1
2000
1157
1002
185
1881
50
372
1
2000
1838
1703
1193
908
880
812
1
2000
49
1117
1840
1383
1563
256
1
2000
654
1370
148
611
1019
1022
1
2000
87
420
1206
1309
1468
1146
1
2000
289
1705
270
1926
958
1239
1
2000
564
1137
1501
997
827
1640
149
2000
1422
1380
1743
1830
1857
545
181
2000
511
1939
1571
1217
533
704
1
2000
1875
921
1460
1014
666
1896
400
2000
1398
1081
773
1376
1227
397
1
2000
452
65
340
577
551
291
376
2000
302
1490
477
562
1784
934
1
2000
1836
535
284
634
980
1576
1
2000
384
193
1025
916
14
813
513
2000
527
381
1096
1696
1735
1426
1
2000
51
335
1144
359
1983
833
1
2000
1745
1893
30
761
1717
906
115
2000
515
1563
1963
1382
1795
745
1
2000
507
1553
1648
607
1202
1882
67
2000
518
579
1581
1718
1585
1775
1
2000
1463
956
1225
363
1748
731
1
2000
1087
1185
753
88
125
1468
1
2000
1167
1343
363
102
1338
997
311
2000
639
1358
1143
1249
1356
1956
530
2000
141
1749
1176
1775
489
1792
1
2000
1960
319
19
1072
1405
1785
1
2000
393
162
27
1473
762
657
1
2000
244
746
291
823
1565
1352
1
2000
1740
1784
1171
1245
392
1514
1
2000
174
191
1907
497
1582
169
1
2000
21
462
946
1939
657
1520
632
2000
1221
1055
1629
1575
1479
786
1
2000
1622
621
1959
1760
1098
1917
1
2000
1311
636
303
1112
1352
1643
1
2000
908
35
409
1919
920
1403
1
2000
1755
723
685
1262
555
1682
1
2000
1458
684
698
1939
791
1467
1
2000
1503
350
338
751
710
1876
1
2000
1942
1581
1419
1905
1321
1191
1
2000
472
1953
277
1669
1712
473
1
2000
1652
496
598
1473
1575
986
423
2000
1874
320
1685
1871
1360
957
326
2000
372
192
1801
1157
1634
656
543
2000
1073
935
1007
489
958
471
1
2000
1632
1051
106
622
769
1776
1
2000
1087
1982
976
240
1743
1274
1
2000
1126
483
1814
594
314
638
1
2000
308
1577
924
342
322
1770
1
2000
1652
520
1275
1871
201
252
1
2000
409
726
1909
1468
876
1061
1
2000
3
572
1558
1671
1681
210
620
2000
923
551
615
767
1794
723
1
2000
884
960
514
776
1607
1784
1
2000
706
171
67
773
796
1523
376
2000
129
83
1604
1623
1962
694
5
2000
1048
730
1840
881
5
1386
439
2000
876
610
1604
521
706
1335
1
2000
1221
340
1654
1021
615
1350
212
2000
1367
1625
924
329
1216
936
1
2000
1832
658
448
1363
1240
1805
101
2000
56
484
293
1640
664
426
1
2000
1681
943
162
469
103
990
1
2000
1131
1667
565
932
66
608
77
2000
420
1433
388
1792
1962
1135
472
2000
1049
187
577
924
38
73
1
2000
1920
50
1220
1541
854
1612
1
2000
954
1660
1042
1808
1169
1954
1
2000
804
1532
990
1530
1896
1221
59
2000
1037
704
384
1225
1496
1857
249
2000
347
1836
648
1047
888
602
443
2000
1925
1200
438
1673
1177
935
362
2000
1899
1107
1259
1863
1272
1429
1
2000
239
90
1197
1290
942
552
1
2000
1116
1147
1487
1089
353
859
1
2000
1066
726
777
903
377
747
1
2000
1540
468
333
1413
227
1978
627
2000
281
782
291
1340
851
1172
1
2000
1941
848
1471
93
459
824
1
2000
1005
315
793
1361
1883
1796
1
2000
1721
985
236
1028
1356
1911
1
2000
639
816
372
1547
889
554
1
2000
671
627
83
1380
451
1971
386
2000
1750
749
1045
114
486
1604
174
2000
1938
230
363
1266
1789
770
19
2000
1542
850
1622
802
1907
279
1
2000
262
1285
1275
1976
289
462
383
2000
158
1509
956
841
687
1987
1
2000
286
1893
363
72
1418
962
16
2000
1451
1274
1252
1124
859
539
1
2000
998
105
288
1078
30
764
1
2000
582
789
654
1468
592
1186
1
2000
248
929
1272
316
66
1311
476
2000
1250
1364
217
1486
31
5
1
2000
1178
368
1903
1724
466
1
1
2000
282
970
1554
661
803
502
1
2000
1705
388
959
1880
1198
930
1
2000
1978
690
1073
623
295
443
1
2000
768
551
1656
718
929
1521
1
2000
341
597
1239
1940
1493
290
1
2000
1091
1911
1968
41
657
1374
1
2000
316
1220
1841
1375
